// Jest Snapshot v1, https://goo.gl/fbAQLP

exports[`Card component has the expected html structure 1`] = `
<form
  action="/"
  class="contact-form"
  id="contactform"
  novalidate="novalidate"
>
  <!---->
   
  <p>
    <label
      for="name"
    >
      Name
    </label>
     
    <input
      id="name"
      name="name"
      type="text"
    />
  </p>
   
  <p>
    <label
      for="email"
    >
      Email
    </label>
     
    <input
      id="email"
      name="email"
      placeholder="email@example.com"
      type="email"
    />
  </p>
   
  <p>
    <label
      for="message"
    >
      Message
            
      <small>
        (
        <span>
          0
        </span>
         / 
        <span>
          400
        </span>
        )
      </small>
    </label>
     
    <textarea
      id="message"
      name="message"
    />
  </p>
   
  <p>
    <button
      type="submit"
    >
      Send
    </button>
  </p>
</form>
`;
